Why did the cloud start therapy? It had too many unresolved issues and 1TB of baggage! 
Why did the cloud start therapy? It had too many unresolved issues and 1TB of baggage!
Why did the cloud start therapy? It had too many unresolved issues and 1TB of baggage!
Why did the cloud start therapy? It had too many unresolved issues and 1TB of baggage!
Why did the cloud start therapy? It had too many unresolved issues and 1TB of baggage!
Why did the cloud start therapy? It had too many unresolved issues and 1TB of baggage!
Why did the cloud start therapy? It had too many unresolved issues and 1TB of baggage!
